
> fluxo-app@0.0.0 build
> tsc -b && vite build

src/components/analytics/AnalyticsCharts.tsx(24,3): error TS6133: 'dateRange' is declared but its value is never read.
src/components/dashboard/Stats.tsx(176,32): error TS2769: No overload matches this call.
  Overload 1 of 4, '(value: string | number | Date): Date', gave the following error.
    Argument of type 'string | undefined' is not assignable to parameter of type 'string | number | Date'.
      Type 'undefined' is not assignable to type 'string | number | Date'.
  Overload 2 of 4, '(value: string | number): Date', gave the following error.
    Argument of type 'string | undefined' is not assignable to parameter of type 'string | number'.
      Type 'undefined' is not assignable to type 'string | number'.
src/components/project/SettingsModal.tsx(21,49): error TS6133: 'ImageIcon' is declared but its value is never read.
src/components/ProjectActivity.tsx(112,10): error TS6133: 'payload' is declared but its value is never read.
src/pages/ProjectOverview.tsx(35,3): error TS6133: 'MessageCircle' is declared but its value is never read.
src/pages/ProjectOverview.tsx(54,1): error TS6133: 'ptBR' is declared but its value is never read.
src/pages/ProjectOverview.tsx(129,10): error TS6133: 'members' is declared but its value is never read.
src/pages/ProjectOverview.tsx(273,44): error TS7006: Parameter 'b' implicitly has an 'any' type.
src/pages/ProjectOverview.tsx(906,8): error TS2741: Property 'setAgencyName' is missing in type '{ isOpen: boolean; onOpenChange: Dispatch<SetStateAction<boolean>>; projectName: string; setProjectName: Dispatch<SetStateAction<string>>; ... 11 more ...; setCustomLogoUrl: Dispatch<...>; }' but required in type 'SettingsModalProps'.
src/pages/PublicBriefing.tsx(14,3): error TS6133: 'Check' is declared but its value is never read.
src/pages/PublicBriefing.tsx(15,3): error TS6133: 'Eye' is declared but its value is never read.
src/pages/PublicBriefing.tsx(19,1): error TS6192: All imports in import declaration are unused.
src/pages/PublicBriefing.tsx(44,10): error TS6133: 'focusedIndex' is declared but its value is never read.
src/pages/PublicBriefing.tsx(44,24): error TS6133: 'setFocusedIndex' is declared but its value is never read.
