node.exe : 
(node:11116) 
[DEP0180] Deprecati
onWarning: 
fs.Stats 
constructor is 
deprecated.
No linha:1 
caractere:1
+ & "C:\Program Fil
es\nodejs/node.exe"
 "C:\Program Files\
nodejs/node_mo ...
+ ~~~~~~~~~~~~~~~~~
~~~~~~~~~~~~~~~~~~~
~~~~~~~~~~~~~~~~~~~
~~~~~~~~~~~~~~
    + CategoryInfo 
             : No  
  tSpecified: ((   
 node:11116) [D    
... is depreca    
ted.:String) [    
], RemoteExcep    
tion
    + FullyQualifi 
   edErrorId : Na  
  tiveCommandErr   
 or
 
(Use `node --trace-
deprecation ...` 
to show where the 
warning was 
created)
Error [ERR_MODULE_N
OT_FOUND]: Cannot 
find module 'C:\Use
rs\ffleo\Documents\
GitHub\flux-app\src
\lib\supabase' 
imported from C:\Us
ers\ffleo\Documents
\GitHub\flux-app\ch
eck_db.ts
    at 
finalizeResolution 
(node:internal/modu
les/esm/resolve:274
:11)
    at 
moduleResolve (node
:internal/modules/e
sm/resolve:864:10)
    at 
defaultResolve (nod
e:internal/modules/
esm/resolve:990:11)
    at nextResolve 
(node:internal/modu
les/esm/hooks:785:2
8)
    at resolve (C:\
Users\ffleo\Documen
ts\GitHub\flux-app\
node_modules\ts-nod
e\dist\child\child-
loader.js:15:125)
    at nextResolve 
(node:internal/modu
les/esm/hooks:785:2
8)
    at AsyncLoaderH
ooksOnLoaderHookWor
ker.resolve (node:i
nternal/modules/esm
/hooks:269:30)
    at MessagePort.
handleMessage (node
:internal/modules/e
sm/worker:251:24)
    at [nodejs.inte
rnal.kHybridDispatc
h] (node:internal/e
vent_target:845:20)
    at MessagePort.
<anonymous> (node:i
nternal/per_context
/messageport:23:28)
 {
  code: 'ERR_MODULE
_NOT_FOUND',
  url: 'file:///C:/
Users/ffleo/Documen
ts/GitHub/flux-app/
src/lib/supabase'
}
